[2026-07-25T15:29:58Z] booting google/gemma-4-E2B-it with max-model-len=65536
[2026-07-25T15:38:08Z] google/gemma-4-E2B-it healthy at max-model-len=65536 in 490s
[2026-07-25T15:38:08Z] CELL gemma-4-e2b-it ctx=8 u=1 np=16
[2026-07-25T15:38:37Z] CELL gemma-4-e2b-it ctx=8 u=2 np=16
[2026-07-25T15:39:01Z] CELL gemma-4-e2b-it ctx=8 u=4 np=32
[2026-07-25T15:39:26Z] CELL gemma-4-e2b-it ctx=8 u=8 np=64
[2026-07-25T15:39:52Z] CELL gemma-4-e2b-it ctx=8 u=16 np=128
[2026-07-25T15:40:20Z] CELL gemma-4-e2b-it ctx=8 u=32 np=128
[2026-07-25T15:40:49Z] CELL gemma-4-e2b-it ctx=8 u=64 np=128
[2026-07-25T15:41:15Z] CELL gemma-4-e2b-it ctx=16 u=1 np=16
[2026-07-25T15:41:44Z] CELL gemma-4-e2b-it ctx=16 u=2 np=16
[2026-07-25T15:42:09Z] CELL gemma-4-e2b-it ctx=16 u=4 np=32
[2026-07-25T15:42:34Z] CELL gemma-4-e2b-it ctx=16 u=8 np=64
[2026-07-25T15:43:00Z] CELL gemma-4-e2b-it ctx=16 u=16 np=128
[2026-07-25T15:43:28Z] CELL gemma-4-e2b-it ctx=16 u=32 np=128
[2026-07-25T15:43:56Z] CELL gemma-4-e2b-it ctx=16 u=64 np=128
[2026-07-25T15:44:22Z] CELL gemma-4-e2b-it ctx=32 u=1 np=16
[2026-07-25T15:44:51Z] CELL gemma-4-e2b-it ctx=32 u=2 np=16
[2026-07-25T15:45:16Z] CELL gemma-4-e2b-it ctx=32 u=4 np=32
[2026-07-25T15:45:41Z] CELL gemma-4-e2b-it ctx=32 u=8 np=64
[2026-07-25T15:46:07Z] CELL gemma-4-e2b-it ctx=32 u=16 np=128
[2026-07-25T15:46:35Z] CELL gemma-4-e2b-it ctx=32 u=32 np=128
[2026-07-25T15:47:03Z] CELL gemma-4-e2b-it ctx=32 u=64 np=128
[2026-07-25T15:47:29Z] CELL gemma-4-e2b-it ctx=64 u=1 np=16
[2026-07-25T15:47:58Z] CELL gemma-4-e2b-it ctx=64 u=2 np=16
[2026-07-25T15:48:22Z] CELL gemma-4-e2b-it ctx=64 u=4 np=32
[2026-07-25T15:48:47Z] CELL gemma-4-e2b-it ctx=64 u=8 np=64
[2026-07-25T15:49:13Z] CELL gemma-4-e2b-it ctx=64 u=16 np=128
[2026-07-25T15:49:41Z] CELL gemma-4-e2b-it ctx=64 u=32 np=128
[2026-07-25T15:50:10Z] CELL gemma-4-e2b-it ctx=64 u=64 np=128
[2026-07-25T15:50:36Z] CELL gemma-4-e2b-it ctx=128 u=1 np=16
[2026-07-25T15:51:05Z] CELL gemma-4-e2b-it ctx=128 u=2 np=16
[2026-07-25T15:51:29Z] CELL gemma-4-e2b-it ctx=128 u=4 np=32
[2026-07-25T15:51:54Z] CELL gemma-4-e2b-it ctx=128 u=8 np=64
[2026-07-25T15:52:20Z] CELL gemma-4-e2b-it ctx=128 u=16 np=128
[2026-07-25T15:52:49Z] CELL gemma-4-e2b-it ctx=128 u=32 np=128
[2026-07-25T15:53:17Z] CELL gemma-4-e2b-it ctx=128 u=64 np=128
[2026-07-25T15:53:43Z] CELL gemma-4-e2b-it ctx=256 u=1 np=16
[2026-07-25T15:54:12Z] CELL gemma-4-e2b-it ctx=256 u=2 np=16
[2026-07-25T15:54:37Z] CELL gemma-4-e2b-it ctx=256 u=4 np=32
[2026-07-25T15:55:02Z] CELL gemma-4-e2b-it ctx=256 u=8 np=64
[2026-07-25T15:55:28Z] CELL gemma-4-e2b-it ctx=256 u=16 np=128
[2026-07-25T15:55:56Z] CELL gemma-4-e2b-it ctx=256 u=32 np=128
[2026-07-25T15:56:25Z] CELL gemma-4-e2b-it ctx=256 u=64 np=128
[2026-07-25T15:56:51Z] CELL gemma-4-e2b-it ctx=512 u=1 np=16
[2026-07-25T15:57:20Z] CELL gemma-4-e2b-it ctx=512 u=2 np=16
[2026-07-25T15:57:45Z] CELL gemma-4-e2b-it ctx=512 u=4 np=32
[2026-07-25T15:58:10Z] CELL gemma-4-e2b-it ctx=512 u=8 np=64
[2026-07-25T15:58:36Z] CELL gemma-4-e2b-it ctx=512 u=16 np=128
[2026-07-25T15:59:04Z] CELL gemma-4-e2b-it ctx=512 u=32 np=128
[2026-07-25T15:59:33Z] CELL gemma-4-e2b-it ctx=512 u=64 np=128
[2026-07-25T16:00:00Z] CELL gemma-4-e2b-it ctx=2048 u=1 np=8
[2026-07-25T16:00:24Z] CELL gemma-4-e2b-it ctx=2048 u=2 np=8
[2026-07-25T16:00:47Z] CELL gemma-4-e2b-it ctx=2048 u=4 np=12
[2026-07-25T16:01:08Z] CELL gemma-4-e2b-it ctx=2048 u=8 np=24
[2026-07-25T16:01:31Z] CELL gemma-4-e2b-it ctx=2048 u=16 np=48
[2026-07-25T16:01:54Z] CELL gemma-4-e2b-it ctx=2048 u=32 np=96
[2026-07-25T16:02:23Z] CELL gemma-4-e2b-it ctx=2048 u=64 np=96
[2026-07-25T16:02:49Z] CELL gemma-4-e2b-it ctx=4096 u=1 np=8
[2026-07-25T16:03:14Z] CELL gemma-4-e2b-it ctx=4096 u=2 np=8
[2026-07-25T16:03:36Z] CELL gemma-4-e2b-it ctx=4096 u=4 np=12
[2026-07-25T16:03:58Z] CELL gemma-4-e2b-it ctx=4096 u=8 np=24
[2026-07-25T16:04:21Z] CELL gemma-4-e2b-it ctx=4096 u=16 np=48
[2026-07-25T16:04:45Z] CELL gemma-4-e2b-it ctx=4096 u=32 np=96
[2026-07-25T16:05:16Z] CELL gemma-4-e2b-it ctx=4096 u=64 np=96
[2026-07-25T16:05:44Z] CELL gemma-4-e2b-it ctx=8192 u=1 np=8
[2026-07-25T16:06:10Z] CELL gemma-4-e2b-it ctx=8192 u=2 np=8
[2026-07-25T16:06:33Z] CELL gemma-4-e2b-it ctx=8192 u=4 np=12
[2026-07-25T16:06:56Z] CELL gemma-4-e2b-it ctx=8192 u=8 np=24
[2026-07-25T16:07:20Z] CELL gemma-4-e2b-it ctx=8192 u=16 np=48
[2026-07-25T16:07:47Z] CELL gemma-4-e2b-it ctx=8192 u=32 np=96
[2026-07-25T16:08:23Z] CELL gemma-4-e2b-it ctx=8192 u=64 np=96
[2026-07-25T16:08:55Z] CELL gemma-4-e2b-it ctx=16384 u=1 np=4
[2026-07-25T16:09:18Z] CELL gemma-4-e2b-it ctx=16384 u=2 np=4
[2026-07-25T16:09:41Z] CELL gemma-4-e2b-it ctx=16384 u=4 np=4
[2026-07-25T16:10:02Z] CELL gemma-4-e2b-it ctx=16384 u=8 np=8
[2026-07-25T16:10:25Z] CELL gemma-4-e2b-it ctx=16384 u=16 np=16
[2026-07-25T16:10:51Z] CELL gemma-4-e2b-it ctx=16384 u=32 np=32
[2026-07-25T16:11:21Z] CELL gemma-4-e2b-it ctx=16384 u=64 np=64
[2026-07-25T16:12:03Z] CELL gemma-4-e2b-it ctx=32768 u=1 np=4
[2026-07-25T16:12:27Z] CELL gemma-4-e2b-it ctx=32768 u=2 np=4
[2026-07-25T16:12:50Z] CELL gemma-4-e2b-it ctx=32768 u=4 np=4
[2026-07-25T16:13:11Z] CELL gemma-4-e2b-it ctx=32768 u=8 np=8
[2026-07-25T16:13:40Z] CELL gemma-4-e2b-it ctx=32768 u=16 np=16
[2026-07-25T16:14:10Z] CELL gemma-4-e2b-it ctx=32768 u=32 np=32
[2026-07-25T16:14:54Z] CELL gemma-4-e2b-it ctx=32768 u=64 np=64
[2026-07-25T16:16:02Z] SKIP gemma-4-e2b-it ctx=65536 u=1 (exceeds max-model-len)
[2026-07-25T16:16:02Z] SKIP gemma-4-e2b-it ctx=65536 u=2 (exceeds max-model-len)
[2026-07-25T16:16:02Z] SKIP gemma-4-e2b-it ctx=65536 u=4 (exceeds max-model-len)
[2026-07-25T16:16:02Z] SKIP gemma-4-e2b-it ctx=65536 u=8 (exceeds max-model-len)
[2026-07-25T16:16:02Z] SKIP gemma-4-e2b-it ctx=65536 u=16 (exceeds max-model-len)
[2026-07-25T16:16:02Z] SKIP gemma-4-e2b-it ctx=65536 u=32 (exceeds max-model-len)
[2026-07-25T16:16:02Z] SKIP gemma-4-e2b-it ctx=65536 u=64 (exceeds max-model-len)
[2026-07-25T16:16:02Z] booting google/gemma-4-E4B-it with max-model-len=65536
[2026-07-25T16:24:46Z] google/gemma-4-E4B-it healthy at max-model-len=65536 in 524s
[2026-07-25T16:24:46Z] CELL gemma-4-e4b-it ctx=8 u=1 np=16
[2026-07-25T16:25:24Z] CELL gemma-4-e4b-it ctx=8 u=2 np=16
[2026-07-25T16:25:52Z] CELL gemma-4-e4b-it ctx=8 u=4 np=32
[2026-07-25T16:26:21Z] CELL gemma-4-e4b-it ctx=8 u=8 np=64
[2026-07-25T16:26:51Z] CELL gemma-4-e4b-it ctx=8 u=16 np=128
[2026-07-25T16:27:22Z] CELL gemma-4-e4b-it ctx=8 u=32 np=128
[2026-07-25T16:27:53Z] CELL gemma-4-e4b-it ctx=8 u=64 np=128
[2026-07-25T16:28:21Z] CELL gemma-4-e4b-it ctx=16 u=1 np=16
[2026-07-25T16:28:58Z] CELL gemma-4-e4b-it ctx=16 u=2 np=16
[2026-07-25T16:29:27Z] CELL gemma-4-e4b-it ctx=16 u=4 np=32
[2026-07-25T16:29:56Z] CELL gemma-4-e4b-it ctx=16 u=8 np=64
[2026-07-25T16:30:25Z] CELL gemma-4-e4b-it ctx=16 u=16 np=128
[2026-07-25T16:30:57Z] CELL gemma-4-e4b-it ctx=16 u=32 np=128
[2026-07-25T16:31:28Z] CELL gemma-4-e4b-it ctx=16 u=64 np=128
[2026-07-25T16:31:55Z] CELL gemma-4-e4b-it ctx=32 u=1 np=16
[2026-07-25T16:32:33Z] CELL gemma-4-e4b-it ctx=32 u=2 np=16
[2026-07-25T16:33:01Z] CELL gemma-4-e4b-it ctx=32 u=4 np=32
[2026-07-25T16:33:30Z] CELL gemma-4-e4b-it ctx=32 u=8 np=64
[2026-07-25T16:33:59Z] CELL gemma-4-e4b-it ctx=32 u=16 np=128
[2026-07-25T16:34:31Z] CELL gemma-4-e4b-it ctx=32 u=32 np=128
[2026-07-25T16:35:02Z] CELL gemma-4-e4b-it ctx=32 u=64 np=128
[2026-07-25T16:35:29Z] CELL gemma-4-e4b-it ctx=64 u=1 np=16
[2026-07-25T16:36:07Z] CELL gemma-4-e4b-it ctx=64 u=2 np=16
[2026-07-25T16:36:35Z] CELL gemma-4-e4b-it ctx=64 u=4 np=32
[2026-07-25T16:37:04Z] CELL gemma-4-e4b-it ctx=64 u=8 np=64
[2026-07-25T16:37:33Z] CELL gemma-4-e4b-it ctx=64 u=16 np=128
[2026-07-25T16:38:05Z] CELL gemma-4-e4b-it ctx=64 u=32 np=128
[2026-07-25T16:38:36Z] CELL gemma-4-e4b-it ctx=64 u=64 np=128
[2026-07-25T16:39:03Z] CELL gemma-4-e4b-it ctx=128 u=1 np=16
[2026-07-25T16:39:41Z] CELL gemma-4-e4b-it ctx=128 u=2 np=16
[2026-07-25T16:40:10Z] CELL gemma-4-e4b-it ctx=128 u=4 np=32
[2026-07-25T16:40:39Z] CELL gemma-4-e4b-it ctx=128 u=8 np=64
[2026-07-25T16:41:08Z] CELL gemma-4-e4b-it ctx=128 u=16 np=128
[2026-07-25T16:41:40Z] CELL gemma-4-e4b-it ctx=128 u=32 np=128
[2026-07-25T16:42:12Z] CELL gemma-4-e4b-it ctx=128 u=64 np=128
[2026-07-25T16:42:39Z] CELL gemma-4-e4b-it ctx=256 u=1 np=16
[2026-07-25T16:43:17Z] CELL gemma-4-e4b-it ctx=256 u=2 np=16
[2026-07-25T16:43:46Z] CELL gemma-4-e4b-it ctx=256 u=4 np=32
[2026-07-25T16:44:15Z] CELL gemma-4-e4b-it ctx=256 u=8 np=64
[2026-07-25T16:44:44Z] CELL gemma-4-e4b-it ctx=256 u=16 np=128
[2026-07-25T16:45:16Z] CELL gemma-4-e4b-it ctx=256 u=32 np=128
[2026-07-25T16:45:48Z] CELL gemma-4-e4b-it ctx=256 u=64 np=128
[2026-07-25T16:46:15Z] CELL gemma-4-e4b-it ctx=512 u=1 np=16
[2026-07-25T16:46:53Z] CELL gemma-4-e4b-it ctx=512 u=2 np=16
[2026-07-25T16:47:22Z] CELL gemma-4-e4b-it ctx=512 u=4 np=32
[2026-07-25T16:47:51Z] CELL gemma-4-e4b-it ctx=512 u=8 np=64
[2026-07-25T16:48:21Z] CELL gemma-4-e4b-it ctx=512 u=16 np=128
[2026-07-25T16:48:53Z] CELL gemma-4-e4b-it ctx=512 u=32 np=128
[2026-07-25T16:49:25Z] CELL gemma-4-e4b-it ctx=512 u=64 np=128
[2026-07-25T16:49:53Z] CELL gemma-4-e4b-it ctx=2048 u=1 np=8
[2026-07-25T16:50:22Z] CELL gemma-4-e4b-it ctx=2048 u=2 np=8
[2026-07-25T16:50:47Z] CELL gemma-4-e4b-it ctx=2048 u=4 np=12
[2026-07-25T16:51:10Z] CELL gemma-4-e4b-it ctx=2048 u=8 np=24
[2026-07-25T16:51:34Z] CELL gemma-4-e4b-it ctx=2048 u=16 np=48
[2026-07-25T16:52:00Z] CELL gemma-4-e4b-it ctx=2048 u=32 np=96
[2026-07-25T16:52:31Z] CELL gemma-4-e4b-it ctx=2048 u=64 np=96
[2026-07-25T16:52:59Z] CELL gemma-4-e4b-it ctx=4096 u=1 np=8
[2026-07-25T16:53:29Z] CELL gemma-4-e4b-it ctx=4096 u=2 np=8
[2026-07-25T16:53:53Z] CELL gemma-4-e4b-it ctx=4096 u=4 np=12
[2026-07-25T16:54:17Z] CELL gemma-4-e4b-it ctx=4096 u=8 np=24
[2026-07-25T16:54:43Z] CELL gemma-4-e4b-it ctx=4096 u=16 np=48
[2026-07-25T16:55:11Z] CELL gemma-4-e4b-it ctx=4096 u=32 np=96
[2026-07-25T16:55:47Z] CELL gemma-4-e4b-it ctx=4096 u=64 np=96
[2026-07-25T16:56:24Z] CELL gemma-4-e4b-it ctx=8192 u=1 np=8
[2026-07-25T16:56:55Z] CELL gemma-4-e4b-it ctx=8192 u=2 np=8
[2026-07-25T16:57:21Z] CELL gemma-4-e4b-it ctx=8192 u=4 np=12
[2026-07-25T16:57:46Z] CELL gemma-4-e4b-it ctx=8192 u=8 np=24
[2026-07-25T16:58:15Z] CELL gemma-4-e4b-it ctx=8192 u=16 np=48
[2026-07-25T16:58:49Z] CELL gemma-4-e4b-it ctx=8192 u=32 np=96
[2026-07-25T16:59:43Z] CELL gemma-4-e4b-it ctx=8192 u=64 np=96
[2026-07-25T17:00:38Z] CELL gemma-4-e4b-it ctx=16384 u=1 np=4
[2026-07-25T17:01:05Z] CELL gemma-4-e4b-it ctx=16384 u=2 np=4
[2026-07-25T17:01:28Z] CELL gemma-4-e4b-it ctx=16384 u=4 np=4
[2026-07-25T17:01:49Z] CELL gemma-4-e4b-it ctx=16384 u=8 np=8
[2026-07-25T17:02:13Z] CELL gemma-4-e4b-it ctx=16384 u=16 np=16
[2026-07-25T17:02:41Z] CELL gemma-4-e4b-it ctx=16384 u=32 np=32
[2026-07-25T17:03:18Z] CELL gemma-4-e4b-it ctx=16384 u=64 np=64
[2026-07-25T17:04:17Z] CELL gemma-4-e4b-it ctx=32768 u=1 np=4
[2026-07-25T17:04:45Z] CELL gemma-4-e4b-it ctx=32768 u=2 np=4
[2026-07-25T17:05:09Z] CELL gemma-4-e4b-it ctx=32768 u=4 np=4
[2026-07-25T17:05:32Z] CELL gemma-4-e4b-it ctx=32768 u=8 np=8
[2026-07-25T17:05:59Z] CELL gemma-4-e4b-it ctx=32768 u=16 np=16
[2026-07-25T17:06:36Z] CELL gemma-4-e4b-it ctx=32768 u=32 np=32
[2026-07-25T17:07:35Z] CELL gemma-4-e4b-it ctx=32768 u=64 np=64
[2026-07-25T17:09:13Z] SKIP gemma-4-e4b-it ctx=65536 u=1 (exceeds max-model-len)
[2026-07-25T17:09:13Z] SKIP gemma-4-e4b-it ctx=65536 u=2 (exceeds max-model-len)
[2026-07-25T17:09:13Z] SKIP gemma-4-e4b-it ctx=65536 u=4 (exceeds max-model-len)
[2026-07-25T17:09:13Z] SKIP gemma-4-e4b-it ctx=65536 u=8 (exceeds max-model-len)
[2026-07-25T17:09:13Z] SKIP gemma-4-e4b-it ctx=65536 u=16 (exceeds max-model-len)
[2026-07-25T17:09:13Z] SKIP gemma-4-e4b-it ctx=65536 u=32 (exceeds max-model-len)
[2026-07-25T17:09:13Z] SKIP gemma-4-e4b-it ctx=65536 u=64 (exceeds max-model-len)
[2026-07-25T17:09:13Z] booting google/gemma-4-12B-it with max-model-len=65536
[2026-07-25T17:12:46Z] google/gemma-4-12B-it failed to become healthy at max-model-len=65536
[2026-07-25T17:12:46Z] booting google/gemma-4-12B-it with max-model-len=32768
[2026-07-25T17:15:17Z] google/gemma-4-12B-it failed to become healthy at max-model-len=32768
[2026-07-25T17:15:17Z] booting google/gemma-4-12B-it with max-model-len=16384
[2026-07-25T17:17:48Z] google/gemma-4-12B-it failed to become healthy at max-model-len=16384
[2026-07-25T17:17:48Z] booting google/gemma-4-12B-it with max-model-len=8192
[2026-07-25T17:28:10Z] google/gemma-4-12B-it healthy at max-model-len=8192 in 622s
[2026-07-25T17:28:10Z] CELL gemma-4-12b-it ctx=8 u=1 np=16
[2026-07-25T17:29:15Z] CELL gemma-4-12b-it ctx=8 u=2 np=16
[2026-07-25T17:29:57Z] CELL gemma-4-12b-it ctx=8 u=4 np=32
[2026-07-25T17:30:40Z] CELL gemma-4-12b-it ctx=8 u=8 np=64
[2026-07-25T17:31:22Z] CELL gemma-4-12b-it ctx=8 u=16 np=128
[2026-07-25T17:32:05Z] CELL gemma-4-12b-it ctx=8 u=32 np=128
[2026-07-25T17:32:41Z] CELL gemma-4-12b-it ctx=8 u=64 np=128
[2026-07-25T17:33:17Z] CELL gemma-4-12b-it ctx=16 u=1 np=16
[2026-07-25T17:34:22Z] CELL gemma-4-12b-it ctx=16 u=2 np=16
[2026-07-25T17:35:04Z] CELL gemma-4-12b-it ctx=16 u=4 np=32
[2026-07-25T17:35:47Z] CELL gemma-4-12b-it ctx=16 u=8 np=64
[2026-07-25T17:36:29Z] CELL gemma-4-12b-it ctx=16 u=16 np=128
[2026-07-25T17:37:12Z] CELL gemma-4-12b-it ctx=16 u=32 np=128
[2026-07-25T17:37:48Z] CELL gemma-4-12b-it ctx=16 u=64 np=128
[2026-07-25T17:38:24Z] CELL gemma-4-12b-it ctx=32 u=1 np=16
[2026-07-25T17:39:29Z] CELL gemma-4-12b-it ctx=32 u=2 np=16
[2026-07-25T17:40:11Z] CELL gemma-4-12b-it ctx=32 u=4 np=32
[2026-07-25T17:40:54Z] CELL gemma-4-12b-it ctx=32 u=8 np=64
[2026-07-25T17:41:36Z] CELL gemma-4-12b-it ctx=32 u=16 np=128
[2026-07-25T17:42:19Z] CELL gemma-4-12b-it ctx=32 u=32 np=128
[2026-07-25T17:42:56Z] CELL gemma-4-12b-it ctx=32 u=64 np=128
[2026-07-25T17:43:32Z] CELL gemma-4-12b-it ctx=64 u=1 np=16
[2026-07-25T17:44:36Z] CELL gemma-4-12b-it ctx=64 u=2 np=16
[2026-07-25T17:45:19Z] CELL gemma-4-12b-it ctx=64 u=4 np=32
[2026-07-25T17:46:01Z] CELL gemma-4-12b-it ctx=64 u=8 np=64
[2026-07-25T17:46:44Z] CELL gemma-4-12b-it ctx=64 u=16 np=128
[2026-07-25T17:47:27Z] CELL gemma-4-12b-it ctx=64 u=32 np=128
[2026-07-25T17:48:04Z] CELL gemma-4-12b-it ctx=64 u=64 np=128
[2026-07-25T17:48:40Z] CELL gemma-4-12b-it ctx=128 u=1 np=16
[2026-07-25T17:49:45Z] CELL gemma-4-12b-it ctx=128 u=2 np=16
[2026-07-25T17:50:27Z] CELL gemma-4-12b-it ctx=128 u=4 np=32
[2026-07-25T17:51:10Z] CELL gemma-4-12b-it ctx=128 u=8 np=64
[2026-07-25T17:51:53Z] CELL gemma-4-12b-it ctx=128 u=16 np=128
[2026-07-25T17:52:37Z] CELL gemma-4-12b-it ctx=128 u=32 np=128
[2026-07-25T17:53:14Z] CELL gemma-4-12b-it ctx=128 u=64 np=128
[2026-07-25T17:53:51Z] CELL gemma-4-12b-it ctx=256 u=1 np=16
[2026-07-25T17:54:56Z] CELL gemma-4-12b-it ctx=256 u=2 np=16
[2026-07-25T17:55:38Z] CELL gemma-4-12b-it ctx=256 u=4 np=32
[2026-07-25T17:56:21Z] CELL gemma-4-12b-it ctx=256 u=8 np=64
[2026-07-25T17:57:05Z] CELL gemma-4-12b-it ctx=256 u=16 np=128
[2026-07-25T17:57:51Z] CELL gemma-4-12b-it ctx=256 u=32 np=128
[2026-07-25T17:58:40Z] CELL gemma-4-12b-it ctx=256 u=64 np=128
[2026-07-25T17:59:30Z] CELL gemma-4-12b-it ctx=512 u=1 np=16
[2026-07-25T18:00:34Z] CELL gemma-4-12b-it ctx=512 u=2 np=16
[2026-07-25T18:01:17Z] CELL gemma-4-12b-it ctx=512 u=4 np=32
[2026-07-25T18:02:00Z] CELL gemma-4-12b-it ctx=512 u=8 np=64
[2026-07-25T18:02:46Z] CELL gemma-4-12b-it ctx=512 u=16 np=128
[2026-07-25T18:03:41Z] CELL gemma-4-12b-it ctx=512 u=32 np=128
[2026-07-25T18:04:35Z] CELL gemma-4-12b-it ctx=512 u=64 np=128
[2026-07-25T18:05:30Z] CELL gemma-4-12b-it ctx=2048 u=1 np=8
[2026-07-25T18:06:13Z] CELL gemma-4-12b-it ctx=2048 u=2 np=8
[2026-07-25T18:06:45Z] CELL gemma-4-12b-it ctx=2048 u=4 np=12
[2026-07-25T18:07:16Z] CELL gemma-4-12b-it ctx=2048 u=8 np=24
[2026-07-25T18:07:59Z] CELL gemma-4-12b-it ctx=2048 u=16 np=48
[2026-07-25T18:09:04Z] CELL gemma-4-12b-it ctx=2048 u=32 np=96
[2026-07-25T18:10:57Z] CELL gemma-4-12b-it ctx=2048 u=64 np=96
[2026-07-25T18:12:49Z] CELL gemma-4-12b-it ctx=4096 u=1 np=8
[2026-07-25T18:13:33Z] CELL gemma-4-12b-it ctx=4096 u=2 np=8
[2026-07-25T18:14:06Z] CELL gemma-4-12b-it ctx=4096 u=4 np=12
[2026-07-25T18:14:46Z] CELL gemma-4-12b-it ctx=4096 u=8 np=24
[2026-07-25T18:15:47Z] CELL gemma-4-12b-it ctx=4096 u=16 np=48
[2026-07-25T18:17:28Z] CELL gemma-4-12b-it ctx=4096 u=32 np=96
[2026-07-25T18:20:33Z] CELL gemma-4-12b-it ctx=4096 u=64 np=96
[2026-07-25T18:23:37Z] SKIP gemma-4-12b-it ctx=8192 u=1 (exceeds max-model-len)
[2026-07-25T18:23:37Z] SKIP gemma-4-12b-it ctx=8192 u=2 (exceeds max-model-len)
[2026-07-25T18:23:37Z] SKIP gemma-4-12b-it ctx=8192 u=4 (exceeds max-model-len)
[2026-07-25T18:23:37Z] SKIP gemma-4-12b-it ctx=8192 u=8 (exceeds max-model-len)
[2026-07-25T18:23:37Z] SKIP gemma-4-12b-it ctx=8192 u=16 (exceeds max-model-len)
[2026-07-25T18:23:37Z] SKIP gemma-4-12b-it ctx=8192 u=32 (exceeds max-model-len)
[2026-07-25T18:23:37Z] SKIP gemma-4-12b-it ctx=8192 u=64 (exceeds max-model-len)
[2026-07-25T18:23:37Z] SKIP gemma-4-12b-it ctx=16384 u=1 (exceeds max-model-len)
[2026-07-25T18:23:37Z] SKIP gemma-4-12b-it ctx=16384 u=2 (exceeds max-model-len)
[2026-07-25T18:23:37Z] SKIP gemma-4-12b-it ctx=16384 u=4 (exceeds max-model-len)
[2026-07-25T18:23:37Z] SKIP gemma-4-12b-it ctx=16384 u=8 (exceeds max-model-len)
[2026-07-25T18:23:37Z] SKIP gemma-4-12b-it ctx=16384 u=16 (exceeds max-model-len)
[2026-07-25T18:23:37Z] SKIP gemma-4-12b-it ctx=16384 u=32 (exceeds max-model-len)
[2026-07-25T18:23:37Z] SKIP gemma-4-12b-it ctx=16384 u=64 (exceeds max-model-len)
[2026-07-25T18:23:37Z] SKIP gemma-4-12b-it ctx=32768 u=1 (exceeds max-model-len)
[2026-07-25T18:23:37Z] SKIP gemma-4-12b-it ctx=32768 u=2 (exceeds max-model-len)
[2026-07-25T18:23:37Z] SKIP gemma-4-12b-it ctx=32768 u=4 (exceeds max-model-len)
[2026-07-25T18:23:37Z] SKIP gemma-4-12b-it ctx=32768 u=8 (exceeds max-model-len)
[2026-07-25T18:23:37Z] SKIP gemma-4-12b-it ctx=32768 u=16 (exceeds max-model-len)
[2026-07-25T18:23:37Z] SKIP gemma-4-12b-it ctx=32768 u=32 (exceeds max-model-len)
[2026-07-25T18:23:37Z] SKIP gemma-4-12b-it ctx=32768 u=64 (exceeds max-model-len)
[2026-07-25T18:23:37Z] SKIP gemma-4-12b-it ctx=65536 u=1 (exceeds max-model-len)
[2026-07-25T18:23:37Z] SKIP gemma-4-12b-it ctx=65536 u=2 (exceeds max-model-len)
[2026-07-25T18:23:37Z] SKIP gemma-4-12b-it ctx=65536 u=4 (exceeds max-model-len)
[2026-07-25T18:23:37Z] SKIP gemma-4-12b-it ctx=65536 u=8 (exceeds max-model-len)
[2026-07-25T18:23:37Z] SKIP gemma-4-12b-it ctx=65536 u=16 (exceeds max-model-len)
[2026-07-25T18:23:37Z] SKIP gemma-4-12b-it ctx=65536 u=32 (exceeds max-model-len)
[2026-07-25T18:23:37Z] SKIP gemma-4-12b-it ctx=65536 u=64 (exceeds max-model-len)
[2026-07-25T18:23:37Z] sweep complete
SWEEP-DONE
