
### packed W4A16 wall (ctx=512) ###
  B=  512  step    23.81 ms  agg   21506.8 tok/s  per-user   42.0  OK 
  B=  768  step    33.98 ms  agg   22602.2 tok/s  per-user   29.4  OK 
  B= 1024  step    47.53 ms  agg   21543.5 tok/s  per-user   21.0  OK 
  B= 1536  FAILED: RESOURCE_EXHAUSTED: Ran out of memory on HBM, the total memory require
  -> max B at ctx=512: 1024

### dense bf16 wall (ctx=512) ###
  B=  512  step    23.42 ms  agg   21865.4 tok/s  per-user   42.7  OK 
  B=  768  step    33.40 ms  agg   22995.3 tok/s  per-user   29.9  OK 
  B= 1024  step    45.52 ms  agg   22495.6 tok/s  per-user   22.0  OK 
  B= 1536  FAILED: RESOURCE_EXHAUSTED: Ran out of memory on HBM, the total memory require
  -> max B at ctx=512: 1024

### packed W4A16 long-ctx (ctx=2048) ###
  B=    4  step     4.89 ms  agg     818.7 tok/s  per-user  204.7  OK 
  B=    8  step     5.09 ms  agg    1570.3 tok/s  per-user  196.3  OK 
  B=   16  step     7.53 ms  agg    2124.1 tok/s  per-user  132.8  OK 
  B=   32  step     8.32 ms  agg    3846.8 tok/s  per-user  120.2  OK 
  B=   64  step    14.36 ms  agg    4457.6 tok/s  per-user   69.7  OK 
  B=  128  step    21.30 ms  agg    6008.0 tok/s  per-user   46.9  OK 
  B=  256  step    40.09 ms  agg    6386.2 tok/s  per-user   24.9  OK 
  -> max B at ctx=2048: 256

### packed W4A16 long-ctx (ctx=4096) ###
  B=    4  step     5.10 ms  agg     784.2 tok/s  per-user  196.1  OK 
  B=    8  step     7.65 ms  agg    1045.7 tok/s  per-user  130.7  OK 
  B=   16  step     8.98 ms  agg    1781.4 tok/s  per-user  111.3  OK 
  B=   32  step    13.31 ms  agg    2403.8 tok/s  per-user   75.1  OK 
  B=   64  step    21.07 ms  agg    3037.0 tok/s  per-user   47.5  OK 
  B=  128  step    39.58 ms  agg    3234.2 tok/s  per-user   25.3  OK 
  B=  256  FAILED: RESOURCE_EXHAUSTED: Ran out of memory on HBM, the total memory require
  -> max B at ctx=4096: 128

### packed W4A16 long-ctx (ctx=8192) ###
  B=    4  step     7.62 ms  agg     525.1 tok/s  per-user  131.3  OK 
  B=    8  step     8.63 ms  agg     926.7 tok/s  per-user  115.8  OK 
  B=   16  step    14.01 ms  agg    1141.8 tok/s  per-user   71.4  OK 
  B=   32  step    21.19 ms  agg    1510.0 tok/s  per-user   47.2  OK 
  B=   64  step    39.28 ms  agg    1629.5 tok/s  per-user   25.5  OK 
  B=  128  FAILED: RESOURCE_EXHAUSTED: Ran out of memory on HBM, the total memory require
  -> max B at ctx=8192: 64

### packed W4A16 long-ctx (ctx=16384) ###
  B=    4  step     8.64 ms  agg     463.1 tok/s  per-user  115.8  OK 
  B=    8  step    13.90 ms  agg     575.6 tok/s  per-user   71.9  OK 
  B=   16  step    20.95 ms  agg     763.6 tok/s  per-user   47.7  OK 
  B=   32  step    39.23 ms  agg     815.7 tok/s  per-user   25.5  OK 
  B=   64  FAILED: RESOURCE_EXHAUSTED: Ran out of memory on HBM, the total memory require
  -> max B at ctx=16384: 32

### packed W4A16 long-ctx (ctx=32768) ###
  B=    4  step    13.47 ms  agg     296.9 tok/s  per-user   74.2  OK 
  B=    8  step    20.90 ms  agg     382.7 tok/s  per-user   47.8  OK 
  B=   16  step    39.21 ms  agg     408.0 tok/s  per-user   25.5  OK 
  B=   32  FAILED: RESOURCE_EXHAUSTED: Ran out of memory on HBM, the total memory require
  -> max B at ctx=32768: 16

### int8 KV cache plumbing probe ###
              int8: step 5.98 ms  (RUNS — accuracy unvalidated)
       float8_e5m2: Input dtypes ('float32', 'float8_e5m2') have no available implicit dty
           float16: step 7.39 ms  (RUNS — accuracy unvalidated)

FINALE_DONE
===SWEEP===
============================================================================================
GEMMA 4 E2B QAT JAX — TPU v6e-1 CORRECTED SWEEP (cache-correct decode)
============================================================================================
JAX devices: [TpuDevice(id=0, process_index=0, coords=(0,0,0), core_on_chip=0)]
W4A16: impl=reference layout=plane | int8_lm_head=False | int8_ple=False
NOTE: synthetic architecture-identical weights; throughput is value-independent under static shapes. Use the real checkpoint via jax_e_loader.py for quality evaluation.

B=   1 | ctx=    8 ... prefill      6.1 ms | step   6.867 ms | agg    145.6 tok/s | per-user  145.6 tok/s
B=   1 | ctx=   64 ... prefill      6.1 ms | step   6.880 ms | agg    145.3 tok/s | per-user  145.3 tok/s
B=   1 | ctx=  128 ... prefill      6.9 ms | step   6.876 ms | agg    145.4 tok/s | per-user  145.4 tok/s
B=   1 | ctx=  256 ... prefill      7.5 ms | step   6.841 ms | agg    146.2 tok/s | per-user  146.2 tok/s
B=   1 | ctx=  512 ... prefill      9.0 ms | step   6.833 ms | agg    146.4 tok/s | per-user  146.4 tok/s
B=   1 | ctx=   1K ... prefill     13.7 ms | step   6.857 ms | agg    145.8 tok/s | per-user  145.8 tok/s
B=   1 | ctx=   2K ... prefill     32.1 ms | step   6.883 ms | agg    145.3 tok/s | per-user  145.3 tok/s
B=   1 | ctx=   4K ... prefill     93.0 ms | step   6.910 ms | agg    144.7 tok/s | per-user  144.7 tok/s
B=   1 | ctx=   8K ... prefill    317.4 ms | step   6.904 ms | agg    144.8 tok/s | per-user  144.8 tok/s
B=   1 | ctx=  16K ... prefill   1207.0 ms | step   7.046 ms | agg    141.9 tok/s | per-user  141.9 tok/s
B=   2 | ctx=    8 ... prefill      6.8 ms | step   4.841 ms | agg    413.1 tok/s | per-user  206.6 tok/s
B=   2 | ctx=   64 ... prefill      6.7 ms | step   4.785 ms | agg    418.0 tok/s | per-user  209.0 tok/s
B=   2 | ctx=  128 ... prefill      7.9 ms | step   4.802 ms | agg    416.5 tok/s | per-user  208.3 tok/s
B=   2 | ctx=  256 ... prefill      9.8 ms | step   4.849 ms | agg    412.4 tok/s | per-user  206.2 tok/s
B=   2 | ctx=  512 ... prefill     17.0 ms | step   4.825 ms | agg    414.5 tok/s | per-user  207.3 tok/s
B=   2 | ctx=   1K ... prefill     30.4 ms | step   4.963 ms | agg    402.9 tok/s | per-user  201.5 tok/s
B=   2 | ctx=   2K ... prefill     81.9 ms | step   5.017 ms | agg    398.7 tok/s | per-user  199.3 tok/s
B=   2 | ctx=   4K ... prefill    221.8 ms | step   5.111 ms | agg    391.3 tok/s | per-user  195.7 tok/s
B=   2 | ctx=   8K ... prefill    714.6 ms | step   5.380 ms | agg    371.7 tok/s | per-user  185.9 tok/s
B=   2 | ctx=  16K ... FAILED: RESOURCE_EXHAUSTED: Ran out of memory on HBM, the total memo
B=   4 | ctx=    8 ... prefill      7.8 ms | step   4.909 ms | agg    814.9 tok/s | per-user  203.7 tok/s
B=   4 | ctx=   64 ... prefill      7.8 ms | step   4.799 ms | agg    833.5 tok/s | per-user  208.4 tok/s
B=   4 | ctx=  128 ... prefill      9.8 ms | step   4.831 ms | agg    828.0 tok/s | per-user  207.0 tok/s
B=   4 | ctx=  256 ... prefill     16.6 ms | step   4.864 ms | agg    822.4 tok/s | per-user  205.6 tok/s
B=   4 | ctx=  512 ... prefill     28.7 ms | step   4.945 ms | agg    808.9 tok/s | per-user  202.2 tok/s
B=   4 | ctx=   1K ... prefill     63.2 ms | step   4.932 ms | agg    811.0 tok/s | per-user  202.8 tok/s
B=   4 | ctx=   2K ... prefill    162.2 ms | step   5.134 ms | agg    779.1 tok/s | per-user  194.8 tok/s
B=   4 | ctx=   4K ... prefill    459.1 ms | step   5.417 ms | agg    738.4 tok/s | per-user  184.6 tok/s
B=   4 | ctx=   8K ... FAILED: RESOURCE_EXHAUSTED: Ran out of memory on HBM, the total memo
B=   4 | ctx=  16K ... FAILED: RESOURCE_EXHAUSTED: Ran out of memory on HBM, the total memo
B=   8 | ctx=    8 ... prefill      9.9 ms | step   4.802 ms | agg   1666.0 tok/s | per-user  208.2 tok/s
B=   8 | ctx=   64 ... prefill      9.9 ms | step   4.765 ms | agg   1679.0 tok/s | per-user  209.9 tok/s
B=   8 | ctx=  128 ... prefill     16.8 ms | step   4.917 ms | agg   1626.9 tok/s | per-user  203.4 tok/s
B=   8 | ctx=  256 ... prefill     27.2 ms | step   4.904 ms | agg   1631.5 tok/s | per-user  203.9 tok/s
B=   8 | ctx=  512 ... prefill     62.2 ms | step   4.866 ms | agg   1644.1 tok/s | per-user  205.5 tok/s
B=   8 | ctx=   1K ... prefill    133.4 ms | step   5.085 ms | agg   1573.3 tok/s | per-user  196.7 tok/s
B=   8 | ctx=   2K ... prefill    353.6 ms | step   5.302 ms | agg   1508.9 tok/s | per-user  188.6 tok/s
B=   8 | ctx=   4K ... FAILED: RESOURCE_EXHAUSTED: Ran out of memory on HBM, the total memo
B=   8 | ctx=   8K ... FAILED: RESOURCE_EXHAUSTED: Ran out of memory on HBM, the total memo
B=   8 | ctx=  16K ... FAILED: RESOURCE_EXHAUSTED: Ran out of memory on HBM, the total memo
B=  16 | ctx=    8 ... prefill     14.4 ms | step   4.861 ms | agg   3291.4 tok/s | per-user  205.7 tok/s
B=  16 | ctx=   64 ... prefill     14.4 ms | step   4.812 ms | agg   3324.7 tok/s | per-user  207.8 tok/s
B=  16 | ctx=  128 ... prefill     28.5 ms | step   4.908 ms | agg   3260.0 tok/s | per-user  203.8 tok/s
B=  16 | ctx=  256 ... prefill     55.6 ms | step   5.067 ms | agg   3157.7 tok/s | per-user  197.4 tok/s
B=  16 | ctx=  512 ... prefill    126.7 ms | step   5.163 ms | agg   3099.1 tok/s | per-user  193.7 tok/s
B=  16 | ctx=   1K ... prefill    290.1 ms | step   5.375 ms | agg   2976.8 tok/s | per-user  186.1 tok/s
B=  16 | ctx=   2K ... FAILED: RESOURCE_EXHAUSTED: Ran out of memory on HBM, the total memo
B=  16 | ctx=   4K ... FAILED: RESOURCE_EXHAUSTED: Ran out of memory on HBM, the total memo
B=  16 | ctx=   8K ... FAILED: RESOURCE_EXHAUSTED: Ran out of memory on HBM, the total memo
B=  16 | ctx=  16K ... FAILED: RESOURCE_EXHAUSTED: Ran out of memory on HBM, the total memo
B=  32 | ctx=    8 ... prefill     28.0 ms | step   5.025 ms | agg   6368.7 tok/s | per-user  199.0 tok/s
B=  32 | ctx=   64 ... prefill     27.9 ms | step   4.976 ms | agg   6430.3 tok/s | per-user  200.9 tok/s
B=  32 | ctx=  128 ... prefill     55.1 ms | step   5.095 ms | agg   6281.1 tok/s | per-user  196.3 tok/s
B=  32 | ctx=  256 ... prefill    118.0 ms | step   5.177 ms | agg   6181.3 tok/s | per-user  193.2 tok/s
B=  32 | ctx=  512 ... prefill    288.7 ms | step   5.512 ms | agg   5805.1 tok/s | per-user  181.4 tok/s
B=  32 | ctx=   1K ... FAILED: RESOURCE_EXHAUSTED: Ran out of memory on HBM, the total memo
B=  32 | ctx=   2K ... FAILED: RESOURCE_EXHAUSTED: Ran out of memory on HBM, the total memo
B=  32 | ctx=   4K ... FAILED: RESOURCE_EXHAUSTED: Ran out of memory on HBM, the total memo
B=  32 | ctx=   8K ... FAILED: RESOURCE_EXHAUSTED: Ran out of memory on HBM, the total memo
B=  32 | ctx=  16K ... FAILED: RESOURCE_EXHAUSTED: Ran out of memory on HBM, the total memo
B=  64 | ctx=    8 ... prefill     54.8 ms | step   5.244 ms | agg  12204.4 tok/s | per-user  190.7 tok/s
B=  64 | ctx=   64 ... prefill     54.8 ms | step   5.170 ms | agg  12378.5 tok/s | per-user  193.4 tok/s
B=  64 | ctx=  128 ... prefill    113.5 ms | step   5.444 ms | agg  11756.6 tok/s | per-user  183.7 tok/s
B=  64 | ctx=  256 ... prefill    268.6 ms | step   6.127 ms | agg  10445.4 tok/s | per-user  163.2 tok/s
B=  64 | ctx=  512 ... FAILED: RESOURCE_EXHAUSTED: Ran out of memory on HBM, the total memo
B=  64 | ctx=   1K ... FAILED: RESOURCE_EXHAUSTED: Ran out of memory on HBM, the total memo
B=  64 | ctx=   2K ... FAILED: RESOURCE_EXHAUSTED: Ran out of memory on HBM, the total memo
B=  64 | ctx=   4K ... FAILED: RESOURCE_EXHAUSTED: Ran out of memory on HBM, the total memo
B=  64 | ctx=   8K ... FAILED: RESOURCE_EXHAUSTED: Ran out of memory on HBM, the total memo
B=  64 | ctx=  16K ... FAILED: RESOURCE_EXHAUSTED: Ran out of memory on HBM, the total memo
B= 128 | ctx=    8 ... prefill    130.7 ms | step   6.242 ms | agg  20507.6 tok/s | per-user  160.2 tok/s
B= 128 | ctx=   64 ... prefill    130.4 ms | step   6.126 ms | agg  20895.5 tok/s | per-user  163.2 tok/s
B= 128 | ctx=  128 ... prefill    265.7 ms | step   6.159 ms | agg  20784.3 tok/s | per-user  162.4 tok/s
B= 128 | ctx=  256 ... FAILED: RESOURCE_EXHAUSTED: Ran out of memory on HBM, the total memo
B= 128 | ctx=  512 ... FAILED: RESOURCE_EXHAUSTED: Ran out of memory on HBM, the total memo
B= 128 | ctx=   1K ... FAILED: RESOURCE_EXHAUSTED: Ran out of memory on HBM, the total memo
B= 128 | ctx=   2K ... FAILED: RESOURCE_EXHAUSTED: Ran out of memory on HBM, the total memo
B= 128 | ctx=   4K ... FAILED: RESOURCE_EXHAUSTED: Ran out of memory on HBM, the total memo
B= 128 | ctx=   8K ... FAILED: RESOURCE_EXHAUSTED: Ran out of memory on HBM, the total memo
B= 128 | ctx=  16K ... FAILED: RESOURCE_EXHAUSTED: Ran out of memory on HBM, the total memo

============================================================================================
| Users (B) | Context (S) | Prefill (TTFT) | Decode Step | Aggregate | Per-User |
| :---: | :---: | :---: | :---: | :---: | :---: |
| 1 | 8 | 6.1 ms | 6.87 ms | 145.6 tok/s | 145.6 tok/s |
| 1 | 64 | 6.1 ms | 6.88 ms | 145.3 tok/s | 145.3 tok/s |
| 1 | 128 | 6.9 ms | 6.88 ms | 145.4 tok/s | 145.4 tok/s |
| 1 | 256 | 7.5 ms | 6.84 ms | 146.2 tok/s | 146.2 tok/s |
| 1 | 512 | 9.0 ms | 6.83 ms | 146.4 tok/s | 146.4 tok/s |
| 1 | 1K | 13.7 ms | 6.86 ms | 145.8 tok/s | 145.8 tok/s |
| 1 | 2K | 32.1 ms | 6.88 ms | 145.3 tok/s | 145.3 tok/s |
| 1 | 4K | 93.0 ms | 6.91 ms | 144.7 tok/s | 144.7 tok/s |
| 1 | 8K | 317.4 ms | 6.90 ms | 144.8 tok/s | 144.8 tok/s |
| 1 | 16K | 1207.0 ms | 7.05 ms | 141.9 tok/s | 141.9 tok/s |
| 2 | 8 | 6.8 ms | 4.84 ms | 413.1 tok/s | 206.6 tok/s |
| 2 | 64 | 6.7 ms | 4.79 ms | 418.0 tok/s | 209.0 tok/s |
| 2 | 128 | 7.9 ms | 4.80 ms | 416.5 tok/s | 208.3 tok/s |
| 2 | 256 | 9.8 ms | 4.85 ms | 412.4 tok/s | 206.2 tok/s |
| 2 | 512 | 17.0 ms | 4.83 ms | 414.5 tok/s | 207.3 tok/s |
| 2 | 1K | 30.4 ms | 4.96 ms | 402.9 tok/s | 201.5 tok/s |
| 2 | 2K | 81.9 ms | 5.02 ms | 398.7 tok/s | 199.3 tok/s |
| 2 | 4K | 221.8 ms | 5.11 ms | 391.3 tok/s | 195.7 tok/s |
| 2 | 8K | 714.6 ms | 5.38 ms | 371.7 tok/s | 185.9 tok/s |
| 2 | 16K | OOM | OOM | OOM | OOM |
| 4 | 8 | 7.8 ms | 4.91 ms | 814.9 tok/s | 203.7 tok/s |
| 4 | 64 | 7.8 ms | 4.80 ms | 833.5 tok/s | 208.4 tok/s |
| 4 | 128 | 9.8 ms | 4.83 ms | 828.0 tok/s | 207.0 tok/s |
| 4 | 256 | 16.6 ms | 4.86 ms | 822.4 tok/s | 205.6 tok/s |
| 4 | 512 | 28.7 ms | 4.95 ms | 808.9 tok/s | 202.2 tok/s |
| 4 | 1K | 63.2 ms | 4.93 ms | 811.0 tok/s | 202.8 tok/s |
| 4 | 2K | 162.2 ms | 5.13 ms | 779.1 tok/s | 194.8 tok/s |
| 4 | 4K | 459.1 ms | 5.42 ms | 738.4 tok/s | 184.6 tok/s |
| 4 | 8K | OOM | OOM | OOM | OOM |
| 4 | 16K | OOM | OOM | OOM | OOM |
| 8 | 8 | 9.9 ms | 4.80 ms | 1666.0 tok/s | 208.2 tok/s |
| 8 | 64 | 9.9 ms | 4.76 ms | 1679.0 tok/s | 209.9 tok/s |
| 8 | 128 | 16.8 ms | 4.92 ms | 1626.9 tok/s | 203.4 tok/s |
| 8 | 256 | 27.2 ms | 4.90 ms | 1631.5 tok/s | 203.9 tok/s |
| 8 | 512 | 62.2 ms | 4.87 ms | 1644.1 tok/s | 205.5 tok/s |
| 8 | 1K | 133.4 ms | 5.08 ms | 1573.3 tok/s | 196.7 tok/s |
| 8 | 2K | 353.6 ms | 5.30 ms | 1508.9 tok/s | 188.6 tok/s |
| 8 | 4K | OOM | OOM | OOM | OOM |
| 8 | 8K | OOM | OOM | OOM | OOM |
| 8 | 16K | OOM | OOM | OOM | OOM |
| 16 | 8 | 14.4 ms | 4.86 ms | 3291.4 tok/s | 205.7 tok/s |
| 16 | 64 | 14.4 ms | 4.81 ms | 3324.7 tok/s | 207.8 tok/s |
| 16 | 128 | 28.5 ms | 4.91 ms | 3260.0 tok/s | 203.8 tok/s |
| 16 | 256 | 55.6 ms | 5.07 ms | 3157.7 tok/s | 197.4 tok/s |
| 16 | 512 | 126.7 ms | 5.16 ms | 3099.1 tok/s | 193.7 tok/s |
| 16 | 1K | 290.1 ms | 5.38 ms | 2976.8 tok/s | 186.1 tok/s |
| 16 | 2K | OOM | OOM | OOM | OOM |
| 16 | 4K | OOM | OOM | OOM | OOM |
| 16 | 8K | OOM | OOM | OOM | OOM |
| 16 | 16K | OOM | OOM | OOM | OOM |
| 32 | 8 | 28.0 ms | 5.03 ms | 6368.7 tok/s | 199.0 tok/s |
| 32 | 64 | 27.9 ms | 4.98 ms | 6430.3 tok/s | 200.9 tok/s |
| 32 | 128 | 55.1 ms | 5.09 ms | 6281.1 tok/s | 196.3 tok/s |
| 32 | 256 | 118.0 ms | 5.18 ms | 6181.3 tok/s | 193.2 tok/s |
| 32 | 512 | 288.7 ms | 5.51 ms | 5805.1 tok/s | 181.4 tok/s |
| 32 | 1K | OOM | OOM | OOM | OOM |
| 32 | 2K | OOM | OOM | OOM | OOM |
| 32 | 4K | OOM | OOM | OOM | OOM |
| 32 | 8K | OOM | OOM | OOM | OOM |
| 32 | 16K | OOM | OOM | OOM | OOM |
| 64 | 8 | 54.8 ms | 5.24 ms | 12204.4 tok/s | 190.7 tok/s |
| 64 | 64 | 54.8 ms | 5.17 ms | 12378.5 tok/s | 193.4 tok/s |
| 64 | 128 | 113.5 ms | 5.44 ms | 11756.6 tok/s | 183.7 tok/s |
| 64 | 256 | 268.6 ms | 6.13 ms | 10445.4 tok/s | 163.2 tok/s |
| 64 | 512 | OOM | OOM | OOM | OOM |
| 64 | 1K | OOM | OOM | OOM | OOM |
| 64 | 2K | OOM | OOM | OOM | OOM |
| 64 | 4K | OOM | OOM | OOM | OOM |
| 64 | 8K | OOM | OOM | OOM | OOM |
| 64 | 16K | OOM | OOM | OOM | OOM |
| 128 | 8 | 130.7 ms | 6.24 ms | 20507.6 tok/s | 160.2 tok/s |
| 128 | 64 | 130.4 ms | 6.13 ms | 20895.5 tok/s | 163.2 tok/s |
| 128 | 128 | 265.7 ms | 6.16 ms | 20784.3 tok/s | 162.4 tok/s |
| 128 | 256 | OOM | OOM | OOM | OOM |
| 128 | 512 | OOM | OOM | OOM | OOM |
| 128 | 1K | OOM | OOM | OOM | OOM |
| 128 | 2K | OOM | OOM | OOM | OOM |
| 128 | 4K | OOM | OOM | OOM | OOM |
| 128 | 8K | OOM | OOM | OOM | OOM |
| 128 | 16K | OOM | OOM | OOM | OOM |

Wrote /home/xbill/sweep_final.json
===ALLDONE===
