synthetic params: 6.62 GB

### ple-bf16/kv-bf16  (weights 6.62 GB) ###
  -> ple-bf16/kv-bf16 ctx=512: max B 1296, KV tokens 663,552, step 60.82 ms
  -> ple-bf16/kv-bf16 ctx=8192: max B 87, KV tokens 712,704, step 52.24 ms

### ple-bf16/kv-int8  (weights 6.62 GB) ###
  -> ple-bf16/kv-int8 ctx=512: max B 2432, KV tokens 1,245,184, step 73.77 ms
  -> ple-bf16/kv-int8 ctx=8192: max B 172, KV tokens 1,409,024, step 58.01 ms

### ple-8/kv-bf16  (weights 4.29 GB) ###
  -> ple-8/kv-bf16 ctx=512: max B 1408, KV tokens 720,896, step 65.48 ms
  -> ple-8/kv-bf16 ctx=8192: max B 95, KV tokens 778,240, step 57.00 ms

### ple-8/kv-int8  (weights 4.29 GB) ###
  -> ple-8/kv-int8 ctx=512: max B 2656, KV tokens 1,359,872, step 78.13 ms
  -> ple-8/kv-int8 ctx=8192: max B 188, KV tokens 1,540,096, step 64.09 ms

### ple-4/kv-bf16  (weights 3.11 GB) ###
  -> ple-4/kv-bf16 ctx=512: max B 1456, KV tokens 745,472, step 68.57 ms
  -> ple-4/kv-bf16 ctx=8192: max B 99, KV tokens 811,008, step 60.63 ms

### ple-4/kv-int8  (weights 3.11 GB) ###
  -> ple-4/kv-int8 ctx=512: max B 2752, KV tokens 1,409,024, step 82.55 ms
  -> ple-4/kv-int8 ctx=8192: max B 196, KV tokens 1,605,632, step 66.83 ms

########## real-checkpoint quality ##########
Traceback (most recent call last):
  File "/home/xbill/ple_run.py", line 128, in <module>
    from transformers import AutoTokenizer
ModuleNotFoundError: No module named 'transformers'
quality section FAILED: No module named 'transformers'

PLE_RUN_DONE
